
> chuckchuck@0.1.0 e2e
> SUPABASE_URL=http://localhost:8790 SUPABASE_ANON_KEY=anon-test-key APP_DOMAIN= node scripts/portable-build.mjs && node scripts/e2e.mjs

화면 묶음: app.js 328KB, 필요할 때 받는 조각 16개 690KB
  team-CzrPC5u0.js 410KB
  capacity-dialog-B3RRSwkJ.js 158KB
  admin-desk-CHlHb3aI.js 23KB
  browser-C_Gn-gHr.js 23KB
  staff-join-D112FKH3.js 20KB
  contracts-desk-VV4tbkv_.js 12KB
  document-delivery-Ctj9Ef6S.js 10KB
  help-B0A_SV8B.js 8KB
척척사장봇 화면·서버 함수 빌드 완료
PASS 1. 사장님 가입 (약관 동의) (906ms)
PASS 2. 가게 만들기 (요금 고르기·처리위탁 동의·30일 체험) (2007ms)
PASS 3. 가입용 근로조건 정하고 가입 링크 만들기 (1102ms)
PASS 4. 직원이 링크로 가입하고 합류 신청 (휴대폰) (1934ms)
PASS 5. 사장님이 합류 신청 수락 → 직원 화면 열림 (1015ms)
PASS 6. 작업 048: 근무표 반복 등록 → 템플릿 저장 → 다음 주에 붙이기 (2963ms)
PASS 7. 작업 050: 직원이 근무 가능 시간 제출 → 사장님 초안 화면에서 확인 (3134ms)
PASS 8. 작업 096: 사장님 홈에 오늘 할 일 (1882ms)
PASS 9. 작업 100: 도움말 검색 (559ms)
PASS 10. 매장 매뉴얼: 사장님이 사진과 함께 작성 → 직원이 바로 확인 (2908ms)
FAIL 매장 QR로 출근·퇴근 (QR 없이 누르면 기록 안 됨): page.click: Timeout 15000ms exceeded.
Call log:
  - waiting for locator('text=닫기')
    - locator resolved to 2 elements. Proceeding with the first one: <span class="sr-only">메뉴 열기·닫기</span>
  - attempting click action
    2 × waiting for element to be visible, enabled and stable
      - element is visible, enabled and stable
      - scrolling into view if needed
      - done scrolling
      - <div data-state="open" aria-hidden="true" data-aria-hidden="true" data-slot="dialog-overlay" class="fixed inset-0 z-50 bg-black/50 data-[state=closed]:animate-out data-[state=closed]:fade-out-0 data-[state=open]:animate-in data-[state=open]:fade-in-0"></div> intercepts pointer events
    - retrying click action
    - waiting 20ms
    - waiting for element to be visible, enabled and stable
    - element is visible, enabled and stable
