Connecting to remote database...
Do you want to push these migrations to the remote database?
 • 20261011030000_hr_core.sql
 • 20261011040000_hr_hiring.sql
 • 20261011050000_hr_training.sql
 • 20261011060000_hr_staffing.sql
 • 20261011070000_hr_meetings.sql
 • 20261011080000_hr_cases.sql
 • 20261011090000_hr_pulse.sql
 • 20261011095000_hr_items.sql
 • 20261011100000_hr_lifecycle.sql
 [Y/n] 
Applying migration 20261011030000_hr_core.sql...
Applying migration 20261011040000_hr_hiring.sql...
Applying migration 20261011050000_hr_training.sql...
Applying migration 20261011060000_hr_staffing.sql...
Applying migration 20261011070000_hr_meetings.sql...
Applying migration 20261011080000_hr_cases.sql...
Applying migration 20261011090000_hr_pulse.sql...
Applying migration 20261011095000_hr_items.sql...
Applying migration 20261011100000_hr_lifecycle.sql...
Finished supabase db push.
